[?25l[?2004h]2;flow-testâ•­â”€â”€â”€â”€â”€â”€â”€â”€â”€â”€â”€â•®                                                                   
â”‚ flow-test â”‚â”€â”€â”€â”€â”€â”€â”€â”€â”€â”€â”€â”€â”€â”€â”€â”€â”€â”€â”€â”€â”€â”€â”€â”€â”€â”€â”€â”€â”€â”€â”€â”€â”€â”€â”€â”€â”€â”€â”€â”€â”€â”€â”€â”€â”€â”€â”€â”€â”€â”€â”€â”€â”€â”€â”€â”€â”€â”€â”€â”€â”€â”€â”€â”€â”€â”€â”€
â•°â”€â”€â”€â”€â”€â”€â”€â”€â”€â”€â”€â•¯                                                                   
  [38;2;52;63;68;48;2;127;187;179;1m[0m  [38;2;52;63;68;48;2;127;187;179;1m [Executable] show default/snapshot [0m[38;2;211;198;170m[0m                                        
  [0m[38;2;211;198;170m[0m  [38;2;211;198;170m[0m                                                                            
  [0m[38;2;127;187;179;1m[0m  [38;2;127;187;179;1mShell Configuration[0m[38;2;211;198;170m[0m                                                         
  [0m                                                                              
  [38;2;211;198;170;1m[0m  [38;2;211;198;170;1mCommand[0m                                                                     
                                                                                
  [38;5;2m[0m[38;2;211;198;170m[0m  [38;2;211;198;170mâ”‚ [0m[38;5;2mecho[0m [38;5;61m'Hello, world! This is a snapshot test.'[0m                             
                                                                                
  [38;2;211;198;170;3m[0m  [38;2;211;198;170;3mExecutable can be found in[0m[38;2;211;198;170m[0m                                                  
  [0m[38;2;214;153;182m[0m  [38;2;214;153;182m/TMPDIR/browse  _tui35189330/default/[0m
  [0m  [38;2;214;153;182mflow[0m[38;2;211;198;170m[0m                                                                        
  [0m[38;2;211;198;170m[0m  [38;2;211;198;170m[ ðŸ”—[0m                                                                        
  [0m[38;2;214;153;182;4m[0m  [38;2;214;153;182;4m/TMPDIR/browse  _tui35189330/default/[0m
  [0m  [38;2;214;153;182;4mflow[0m[38;2;211;198;170m[0m                                                                        
  [0m[38;2;211;198;170m[0m  [38;2;211;198;170m][0m                                                                           
                                                                                
                                                                                
                                                                                
                                                                                
                                                                                
â”€â”€â”€â”€â”€â”€â”€â”€â”€â”€â”€â”€â”€â”€â”€â”€â”€â”€â”€â”€â”€â”€â”€â”€â”€â”€â”€â”€â”€â”€â”€â”€â”€â”€â”€â”€â”€â”€â”€â”€â”€â”€â”€â”€â”€â”€â”€â”€â”€â”€â”€â”€â”€â”€â”€â”€â”€â”€â”€â”€â”€â”€â”€â”€â”€â”€â”€â”€â”€â”€â”€â”€â”€â”€â”€â”€â”€â”€â”€â”€
[ q: quit ] [ h: show help ]                                                    [80D[2K[?2004l[?25h[?1002l[?1003l[?1006l